Using launch settings from BloodBond\Properties\launchSettings.json...
info: Microsoft.EntityFrameworkCore.Database.Command[20101]
      Executed DbCommand (35ms) [Parameters=[], CommandType='Text', CommandTimeout='30']
      SELECT 1
info: Microsoft.EntityFrameworkCore.Migrations[20411]
      Acquiring an exclusive lock for migration application. See https://aka.ms/efcore-docs-migrations-lock for more information if this takes too long.
info: Microsoft.EntityFrameworkCore.Database.Command[20101]
      Executed DbCommand (31ms) [Parameters=[], CommandType='Text', CommandTimeout='30']
      DECLARE @result int;
      EXEC @result = sp_getapplock @Resource = '__EFMigrationsLock', @LockOwner = 'Session', @LockMode = 'Exclusive';
      SELECT @result
info: Microsoft.EntityFrameworkCore.Database.Command[20101]
      Executed DbCommand (2ms) [Parameters=[], CommandType='Text', CommandTimeout='30']
      IF OBJECT_ID(N'[__EFMigrationsHistory]') IS NULL
      BEGIN
          CREATE TABLE [__EFMigrationsHistory] (
              [MigrationId] nvarchar(150) NOT NULL,
              [ProductVersion] nvarchar(32) NOT NULL,
              CONSTRAINT [PK___EFMigrationsHistory] PRIMARY KEY ([MigrationId])
          );
      END;
info: Microsoft.EntityFrameworkCore.Database.Command[20101]
      Executed DbCommand (1ms) [Parameters=[], CommandType='Text', CommandTimeout='30']
      SELECT 1
info: Microsoft.EntityFrameworkCore.Database.Command[20101]
      Executed DbCommand (1ms) [Parameters=[], CommandType='Text', CommandTimeout='30']
      SELECT OBJECT_ID(N'[__EFMigrationsHistory]');
info: Microsoft.EntityFrameworkCore.Database.Command[20101]
      Executed DbCommand (3ms) [Parameters=[], CommandType='Text', CommandTimeout='30']
      SELECT [MigrationId], [ProductVersion]
      FROM [__EFMigrationsHistory]
      ORDER BY [MigrationId];
info: Microsoft.EntityFrameworkCore.Migrations[20405]
      No migrations were applied. The database is already up to date.
info: Microsoft.EntityFrameworkCore.Database.Command[20101]
      Executed DbCommand (4ms) [Parameters=[], CommandType='Text', CommandTimeout='30']
      DECLARE @result int;
      EXEC @result = sp_releaseapplock @Resource = '__EFMigrationsLock', @LockOwner = 'Session';
      SELECT @result
info: Microsoft.EntityFrameworkCore.Database.Command[20101]
      Executed DbCommand (23ms) [Parameters=[@__normalizedName_0='?' (Size = 256)], CommandType='Text', CommandTimeout='30']
      SELECT TOP(1) [r].[Id], [r].[ConcurrencyStamp], [r].[Name], [r].[NormalizedName]
      FROM [Roles] AS [r]
      WHERE [r].[NormalizedName] = @__normalizedName_0
info: Microsoft.EntityFrameworkCore.Database.Command[20101]
      Executed DbCommand (1ms) [Parameters=[@__normalizedName_0='?' (Size = 256)], CommandType='Text', CommandTimeout='30']
      SELECT TOP(1) [r].[Id], [r].[ConcurrencyStamp], [r].[Name], [r].[NormalizedName]
      FROM [Roles] AS [r]
      WHERE [r].[NormalizedName] = @__normalizedName_0
info: Microsoft.EntityFrameworkCore.Database.Command[20101]
      Executed DbCommand (1ms) [Parameters=[@__normalizedName_0='?' (Size = 256)], CommandType='Text', CommandTimeout='30']
      SELECT TOP(1) [r].[Id], [r].[ConcurrencyStamp], [r].[Name], [r].[NormalizedName]
      FROM [Roles] AS [r]
      WHERE [r].[NormalizedName] = @__normalizedName_0
info: Microsoft.AspNetCore.DataProtection.KeyManagement.XmlKeyManager[63]
      User profile is available. Using 'C:\Users\IAT123\AppData\Local\ASP.NET\DataProtection-Keys' as key repository and Windows DPAPI to encrypt keys at rest.
info: Microsoft.Hosting.Lifetime[14]
      Now listening on: https://localhost:7000
info: Microsoft.Hosting.Lifetime[14]
      Now listening on: http://localhost:5000
info: Microsoft.Hosting.Lifetime[0]
      Application started. Press Ctrl+C to shut down.
info: Microsoft.Hosting.Lifetime[0]
      Hosting environment: Development
info: Microsoft.Hosting.Lifetime[0]
      Content root path: D:\BackEnd\Mix-project\Blood-Bond\BloodBond
info: Microsoft.AspNetCore.Hosting.Diagnostics[1]
      Request starting HTTP/1.1 POST https://localhost:7000/api/account/login - application/json 57
info: Microsoft.AspNetCore.Routing.EndpointMiddleware[0]
      Executing endpoint 'BloodBond.Controllers.AccountController.Login (BloodBond.UI)'
info: Microsoft.AspNetCore.Mvc.Infrastructure.ControllerActionInvoker[102]
      Route matched with {action = "Login", controller = "Account"}. Executing controller action with signature System.Threading.Tasks.Task`1[Microsoft.AspNetCore.Mvc.ActionResult`1[BloodBond.DAL.DTO.Response.LoginResponse]] Login(BloodBond.DAL.DTO.Request.LoginRequest) on controller BloodBond.Controllers.AccountController (BloodBond.UI).
info: Microsoft.EntityFrameworkCore.Database.Command[20101]
      Executed DbCommand (11ms) [Parameters=[@__normalizedEmail_0='?' (Size = 256)], CommandType='Text', CommandTimeout='30']
      SELECT TOP(2) [u].[Id], [u].[AccessFailedCount], [u].[BloodType], [u].[City], [u].[ConcurrencyStamp], [u].[CreatedAt], [u].[Email], [u].[EmailConfirmed], [u].[FullName], [u].[IsBlocked], [u].[LastDonationDate], [u].[Latitude], [u].[LockoutEnabled], [u].[LockoutEnd], [u].[Longitude], [u].[NormalizedEmail], [u].[NormalizedUserName], [u].[PasswordHash], [u].[PhoneNumber], [u].[PhoneNumberConfirmed], [u].[Points], [u].[SecurityStamp], [u].[TwoFactorEnabled], [u].[UpdatedAt], [u].[UserName]
      FROM [Users] AS [u]
      WHERE [u].[NormalizedEmail] = @__normalizedEmail_0
info: Microsoft.EntityFrameworkCore.Database.Command[20101]
      Executed DbCommand (7ms) [Parameters=[@__userId_0='?' (Size = 450)], CommandType='Text', CommandTimeout='30']
      SELECT [r].[Name]
      FROM [UserRoles] AS [u]
      INNER JOIN [Roles] AS [r] ON [u].[RoleId] = [r].[Id]
      WHERE [u].[UserId] = @__userId_0
info: Microsoft.AspNetCore.Mvc.Infrastructure.ObjectResultExecutor[1]
      Executing OkObjectResult, writing value of type 'BloodBond.DAL.DTO.Response.LoginResponse'.
info: Microsoft.AspNetCore.Mvc.Infrastructure.ControllerActionInvoker[105]
      Executed action BloodBond.Controllers.AccountController.Login (BloodBond.UI) in 674.243ms
info: Microsoft.AspNetCore.Routing.EndpointMiddleware[1]
      Executed endpoint 'BloodBond.Controllers.AccountController.Login (BloodBond.UI)'
info: Microsoft.AspNetCore.Hosting.Diagnostics[2]
      Request finished HTTP/1.1 POST https://localhost:7000/api/account/login - 200 - application/json;+charset=utf-8 850.7620ms
info: Microsoft.AspNetCore.Hosting.Diagnostics[1]
      Request starting HTTP/1.1 POST https://localhost:7000/api/admin/create - application/json 131
info: Microsoft.AspNetCore.Routing.EndpointMiddleware[0]
      Executing endpoint 'BloodBond.Controllers.AdminController.CreateUser (BloodBond.UI)'
info: Microsoft.AspNetCore.Mvc.Infrastructure.ControllerActionInvoker[102]
      Route matched with {action = "CreateUser", controller = "Admin"}. Executing controller action with signature System.Threading.Tasks.Task`1[Microsoft.AspNetCore.Mvc.ActionResult`1[BloodBond.DAL.DTO.Response.RegisterResponse]] CreateUser(BloodBond.DAL.DTO.Request.CreateUserByAdminRequest) on controller BloodBond.Controllers.AdminController (BloodBond.UI).
info: Microsoft.EntityFrameworkCore.Database.Command[20101]
      Executed DbCommand (1ms) [Parameters=[@__normalizedEmail_0='?' (Size = 256)], CommandType='Text', CommandTimeout='30']
      SELECT TOP(2) [u].[Id], [u].[AccessFailedCount], [u].[BloodType], [u].[City], [u].[ConcurrencyStamp], [u].[CreatedAt], [u].[Email], [u].[EmailConfirmed], [u].[FullName], [u].[IsBlocked], [u].[LastDonationDate], [u].[Latitude], [u].[LockoutEnabled], [u].[LockoutEnd], [u].[Longitude], [u].[NormalizedEmail], [u].[NormalizedUserName], [u].[PasswordHash], [u].[PhoneNumber], [u].[PhoneNumberConfirmed], [u].[Points], [u].[SecurityStamp], [u].[TwoFactorEnabled], [u].[UpdatedAt], [u].[UserName]
      FROM [Users] AS [u]
      WHERE [u].[NormalizedEmail] = @__normalizedEmail_0
info: Microsoft.EntityFrameworkCore.Database.Command[20101]
      Executed DbCommand (4ms) [Parameters=[@__normalizedUserName_0='?' (Size = 256)], CommandType='Text', CommandTimeout='30']
      SELECT TOP(1) [u].[Id], [u].[AccessFailedCount], [u].[BloodType], [u].[City], [u].[ConcurrencyStamp], [u].[CreatedAt], [u].[Email], [u].[EmailConfirmed], [u].[FullName], [u].[IsBlocked], [u].[LastDonationDate], [u].[Latitude], [u].[LockoutEnabled], [u].[LockoutEnd], [u].[Longitude], [u].[NormalizedEmail], [u].[NormalizedUserName], [u].[PasswordHash], [u].[PhoneNumber], [u].[PhoneNumberConfirmed], [u].[Points], [u].[SecurityStamp], [u].[TwoFactorEnabled], [u].[UpdatedAt], [u].[UserName]
      FROM [Users] AS [u]
      WHERE [u].[NormalizedUserName] = @__normalizedUserName_0
info: Microsoft.EntityFrameworkCore.Database.Command[20101]
      Executed DbCommand (1ms) [Parameters=[@__normalizedEmail_0='?' (Size = 256)], CommandType='Text', CommandTimeout='30']
      SELECT TOP(2) [u].[Id], [u].[AccessFailedCount], [u].[BloodType], [u].[City], [u].[ConcurrencyStamp], [u].[CreatedAt], [u].[Email], [u].[EmailConfirmed], [u].[FullName], [u].[IsBlocked], [u].[LastDonationDate], [u].[Latitude], [u].[LockoutEnabled], [u].[LockoutEnd], [u].[Longitude], [u].[NormalizedEmail], [u].[NormalizedUserName], [u].[PasswordHash], [u].[PhoneNumber], [u].[PhoneNumberConfirmed], [u].[Points], [u].[SecurityStamp], [u].[TwoFactorEnabled], [u].[UpdatedAt], [u].[UserName]
      FROM [Users] AS [u]
      WHERE [u].[NormalizedEmail] = @__normalizedEmail_0
info: Microsoft.EntityFrameworkCore.Database.Command[20101]
      Executed DbCommand (34ms) [Parameters=[@p0='?' (Size = 450), @p1='?' (DbType = Int32), @p2='?' (DbType = Int32), @p3='?' (Size = 100), @p4='?' (Size = 4000), @p5='?' (DbType = DateTime2), @p6='?' (Size = 256), @p7='?' (DbType = Boolean), @p8='?' (Size = 80), @p9='?' (DbType = Boolean), @p10='?' (DbType = DateTime2), @p11='?' (DbType = Double), @p12='?' (DbType = Boolean), @p13='?' (DbType = DateTimeOffset), @p14='?' (DbType = Double), @p15='?' (Size = 256), @p16='?' (Size = 256), @p17='?' (Size = 4000), @p18='?' (Size = 4000), @p19='?' (DbType = Boolean), @p20='?' (DbType = Int32), @p21='?' (Size = 4000), @p22='?' (DbType = Boolean), @p23='?' (DbType = DateTime2), @p24='?' (Size = 256)], CommandType='Text', CommandTimeout='30']
      SET IMPLICIT_TRANSACTIONS OFF;
      SET NOCOUNT ON;
      INSERT INTO [Users] ([Id], [AccessFailedCount], [BloodType], [City], [ConcurrencyStamp], [CreatedAt], [Email], [EmailConfirmed], [FullName], [IsBlocked], [LastDonationDate], [Latitude], [LockoutEnabled], [LockoutEnd], [Longitude], [NormalizedEmail], [NormalizedUserName], [PasswordHash], [PhoneNumber], [PhoneNumberConfirmed], [Points], [SecurityStamp], [TwoFactorEnabled], [UpdatedAt], [UserName])
      VALUES (@p0, @p1, @p2, @p3, @p4, @p5, @p6, @p7, @p8, @p9, @p10, @p11, @p12, @p13, @p14, @p15, @p16, @p17, @p18, @p19, @p20, @p21, @p22, @p23, @p24);
info: Microsoft.EntityFrameworkCore.Database.Command[20101]
      Executed DbCommand (3ms) [Parameters=[@__normalizedRoleName_0='?' (Size = 256)], CommandType='Text', CommandTimeout='30']
      SELECT TOP(2) [r].[Id], [r].[ConcurrencyStamp], [r].[Name], [r].[NormalizedName]
      FROM [Roles] AS [r]
      WHERE [r].[NormalizedName] = @__normalizedRoleName_0
info: Microsoft.EntityFrameworkCore.Database.Command[20101]
      Executed DbCommand (4ms) [Parameters=[@__p_0='?' (Size = 450), @__p_1='?' (Size = 450)], CommandType='Text', CommandTimeout='30']
      SELECT TOP(1) [u].[UserId], [u].[RoleId]
      FROM [UserRoles] AS [u]
      WHERE [u].[UserId] = @__p_0 AND [u].[RoleId] = @__p_1
info: Microsoft.EntityFrameworkCore.Database.Command[20101]
      Executed DbCommand (1ms) [Parameters=[@__normalizedRoleName_0='?' (Size = 256)], CommandType='Text', CommandTimeout='30']
      SELECT TOP(2) [r].[Id], [r].[ConcurrencyStamp], [r].[Name], [r].[NormalizedName]
      FROM [Roles] AS [r]
      WHERE [r].[NormalizedName] = @__normalizedRoleName_0
info: Microsoft.EntityFrameworkCore.Database.Command[20101]
      Executed DbCommand (2ms) [Parameters=[@__normalizedUserName_0='?' (Size = 256)], CommandType='Text', CommandTimeout='30']
      SELECT TOP(1) [u].[Id], [u].[AccessFailedCount], [u].[BloodType], [u].[City], [u].[ConcurrencyStamp], [u].[CreatedAt], [u].[Email], [u].[EmailConfirmed], [u].[FullName], [u].[IsBlocked], [u].[LastDonationDate], [u].[Latitude], [u].[LockoutEnabled], [u].[LockoutEnd], [u].[Longitude], [u].[NormalizedEmail], [u].[NormalizedUserName], [u].[PasswordHash], [u].[PhoneNumber], [u].[PhoneNumberConfirmed], [u].[Points], [u].[SecurityStamp], [u].[TwoFactorEnabled], [u].[UpdatedAt], [u].[UserName]
      FROM [Users] AS [u]
      WHERE [u].[NormalizedUserName] = @__normalizedUserName_0
info: Microsoft.EntityFrameworkCore.Database.Command[20101]
      Executed DbCommand (1ms) [Parameters=[@__normalizedEmail_0='?' (Size = 256)], CommandType='Text', CommandTimeout='30']
      SELECT TOP(2) [u].[Id], [u].[AccessFailedCount], [u].[BloodType], [u].[City], [u].[ConcurrencyStamp], [u].[CreatedAt], [u].[Email], [u].[EmailConfirmed], [u].[FullName], [u].[IsBlocked], [u].[LastDonationDate], [u].[Latitude], [u].[LockoutEnabled], [u].[LockoutEnd], [u].[Longitude], [u].[NormalizedEmail], [u].[NormalizedUserName], [u].[PasswordHash], [u].[PhoneNumber], [u].[PhoneNumberConfirmed], [u].[Points], [u].[SecurityStamp], [u].[TwoFactorEnabled], [u].[UpdatedAt], [u].[UserName]
      FROM [Users] AS [u]
      WHERE [u].[NormalizedEmail] = @__normalizedEmail_0
info: Microsoft.EntityFrameworkCore.Database.Command[20101]
      Executed DbCommand (15ms) [Parameters=[@p0='?' (Size = 450), @p1='?' (Size = 450), @p26='?' (Size = 450), @p2='?' (DbType = Int32), @p3='?' (DbType = Int32), @p4='?' (Size = 100), @p5='?' (Size = 4000), @p27='?' (Size = 4000), @p6='?' (DbType = DateTime2), @p7='?' (Size = 256), @p8='?' (DbType = Boolean), @p9='?' (Size = 80), @p10='?' (DbType = Boolean), @p11='?' (DbType = DateTime2), @p12='?' (DbType = Double), @p13='?' (DbType = Boolean), @p14='?' (DbType = DateTimeOffset), @p15='?' (DbType = Double), @p16='?' (Size = 256), @p17='?' (Size = 256), @p18='?' (Size = 4000), @p19='?' (Size = 4000), @p20='?' (DbType = Boolean), @p21='?' (DbType = Int32), @p22='?' (Size = 4000), @p23='?' (DbType = Boolean), @p24='?' (DbType = DateTime2), @p25='?' (Size = 256)], CommandType='Text', CommandTimeout='30']
      SET NOCOUNT ON;
      INSERT INTO [UserRoles] ([RoleId], [UserId])
      VALUES (@p0, @p1);
      UPDATE [Users] SET [AccessFailedCount] = @p2, [BloodType] = @p3, [City] = @p4, [ConcurrencyStamp] = @p5, [CreatedAt] = @p6, [Email] = @p7, [EmailConfirmed] = @p8, [FullName] = @p9, [IsBlocked] = @p10, [LastDonationDate] = @p11, [Latitude] = @p12, [LockoutEnabled] = @p13, [LockoutEnd] = @p14, [Longitude] = @p15, [NormalizedEmail] = @p16, [NormalizedUserName] = @p17, [PasswordHash] = @p18, [PhoneNumber] = @p19, [PhoneNumberConfirmed] = @p20, [Points] = @p21, [SecurityStamp] = @p22, [TwoFactorEnabled] = @p23, [UpdatedAt] = @p24, [UserName] = @p25
      OUTPUT 1
      WHERE [Id] = @p26 AND [ConcurrencyStamp] = @p27;
info: Microsoft.AspNetCore.Mvc.Infrastructure.ObjectResultExecutor[1]
      Executing OkObjectResult, writing value of type 'BloodBond.DAL.DTO.Response.RegisterResponse'.
info: Microsoft.AspNetCore.Mvc.Infrastructure.ControllerActionInvoker[105]
      Executed action BloodBond.Controllers.AdminController.CreateUser (BloodBond.UI) in 823.8554ms
info: Microsoft.AspNetCore.Routing.EndpointMiddleware[1]
      Executed endpoint 'BloodBond.Controllers.AdminController.CreateUser (BloodBond.UI)'
info: Microsoft.AspNetCore.Hosting.Diagnostics[2]
      Request finished HTTP/1.1 POST https://localhost:7000/api/admin/create - 200 - application/json;+charset=utf-8 905.5779ms
info: Microsoft.AspNetCore.Hosting.Diagnostics[1]
      Request starting HTTP/2 GET https://localhost:7000/swagger/index.html - - -
info: Microsoft.AspNetCore.Hosting.Diagnostics[2]
      Request finished HTTP/2 GET https://localhost:7000/swagger/index.html - 200 - text/html;charset=utf-8 81.9469ms
info: Microsoft.AspNetCore.Hosting.Diagnostics[1]
      Request starting HTTP/2 GET https://localhost:7000/swagger/v1/swagger.json - - -
info: Microsoft.AspNetCore.Hosting.Diagnostics[2]
      Request finished HTTP/2 GET https://localhost:7000/swagger/v1/swagger.json - 200 - application/json;charset=utf-8 262.5217ms
info: Microsoft.AspNetCore.Hosting.Diagnostics[1]
      Request starting HTTP/2 GET https://localhost:7000/swagger/index.html - - -
info: Microsoft.AspNetCore.Hosting.Diagnostics[2]
      Request finished HTTP/2 GET https://localhost:7000/swagger/index.html - 200 - text/html;charset=utf-8 2.3807ms
info: Microsoft.AspNetCore.Hosting.Diagnostics[1]
      Request starting HTTP/2 GET https://localhost:7000/swagger/v1/swagger.json - - -
info: Microsoft.AspNetCore.Hosting.Diagnostics[2]
      Request finished HTTP/2 GET https://localhost:7000/swagger/v1/swagger.json - 200 - application/json;charset=utf-8 56.4261ms
info: Microsoft.AspNetCore.Hosting.Diagnostics[1]
      Request starting HTTP/1.1 POST https://localhost:7000/api/account/login - application/json 57
info: Microsoft.AspNetCore.Routing.EndpointMiddleware[0]
      Executing endpoint 'BloodBond.Controllers.AccountController.Login (BloodBond.UI)'
info: Microsoft.AspNetCore.Mvc.Infrastructure.ControllerActionInvoker[102]
      Route matched with {action = "Login", controller = "Account"}. Executing controller action with signature System.Threading.Tasks.Task`1[Microsoft.AspNetCore.Mvc.ActionResult`1[BloodBond.DAL.DTO.Response.LoginResponse]] Login(BloodBond.DAL.DTO.Request.LoginRequest) on controller BloodBond.Controllers.AccountController (BloodBond.UI).
info: Microsoft.EntityFrameworkCore.Database.Command[20101]
      Executed DbCommand (9ms) [Parameters=[@__normalizedEmail_0='?' (Size = 256)], CommandType='Text', CommandTimeout='30']
      SELECT TOP(2) [u].[Id], [u].[AccessFailedCount], [u].[BloodType], [u].[City], [u].[ConcurrencyStamp], [u].[CreatedAt], [u].[Email], [u].[EmailConfirmed], [u].[FullName], [u].[IsBlocked], [u].[LastDonationDate], [u].[Latitude], [u].[LockoutEnabled], [u].[LockoutEnd], [u].[Longitude], [u].[NormalizedEmail], [u].[NormalizedUserName], [u].[PasswordHash], [u].[PhoneNumber], [u].[PhoneNumberConfirmed], [u].[Points], [u].[SecurityStamp], [u].[TwoFactorEnabled], [u].[UpdatedAt], [u].[UserName]
      FROM [Users] AS [u]
      WHERE [u].[NormalizedEmail] = @__normalizedEmail_0
info: Microsoft.EntityFrameworkCore.Database.Command[20101]
      Executed DbCommand (6ms) [Parameters=[@__userId_0='?' (Size = 450)], CommandType='Text', CommandTimeout='30']
      SELECT [r].[Name]
      FROM [UserRoles] AS [u]
      INNER JOIN [Roles] AS [r] ON [u].[RoleId] = [r].[Id]
      WHERE [u].[UserId] = @__userId_0
info: Microsoft.AspNetCore.Mvc.Infrastructure.ObjectResultExecutor[1]
      Executing OkObjectResult, writing value of type 'BloodBond.DAL.DTO.Response.LoginResponse'.
info: Microsoft.AspNetCore.Mvc.Infrastructure.ControllerActionInvoker[105]
      Executed action BloodBond.Controllers.AccountController.Login (BloodBond.UI) in 206.4233ms
info: Microsoft.AspNetCore.Routing.EndpointMiddleware[1]
      Executed endpoint 'BloodBond.Controllers.AccountController.Login (BloodBond.UI)'
info: Microsoft.AspNetCore.Hosting.Diagnostics[2]
      Request finished HTTP/1.1 POST https://localhost:7000/api/account/login - 200 - application/json;+charset=utf-8 213.0873ms
